// Jest Snapshot v1, https://goo.gl/fbAQLP

exports[`should render the ExpenseDashboardPage because it wants to 1`] = `
<Fragment>
  <Connect(ExpenseListFilters) />
  <Connect(ExpenseList) />
</Fragment>
`;
