// Jest Snapshot v1, https://goo.gl/fbAQLP

exports[`should render a fo oh fo when shit aint found 1`] = `
<div>
  FO OH FO bitch -
  <Link
    replace={false}
    to="/"
  >
    Go Home
  </Link>
</div>
`;
